###############################################################################
#
# IAR ELF Linker V8.20.1.14183/W32 for ARM                14/Jan/2020  15:12:33
# Copyright 2007-2017 IAR Systems AB.
#
#    Output file  =  
#        C:\Users\Rasmus\examensarbete_sic_program\Examensarbete-SiC-Program\sic\EWARM\SiCMiC\Exe\SiCMiC.out
#    Map file     =  
#        C:\Users\Rasmus\examensarbete_sic_program\Examensarbete-SiC-Program\sic\EWARM\SiCMiC\List\SiCMiC.map
#    Command line =  
#        -f C:\Users\Rasmus\AppData\Local\Temp\EW2057.tmp
#        (C:\Users\Rasmus\examensarbete_sic_program\Examensarbete-SiC-Program\sic\EWARM\SiCMiC\Obj\adc.o
#        C:\Users\Rasmus\examensarbete_sic_program\Examensarbete-SiC-Program\sic\EWARM\SiCMiC\Obj\dac.o
#        C:\Users\Rasmus\examensarbete_sic_program\Examensarbete-SiC-Program\sic\EWARM\SiCMiC\Obj\eeprom_circular.o
#        C:\Users\Rasmus\examensarbete_sic_program\Examensarbete-SiC-Program\sic\EWARM\SiCMiC\Obj\gpio.o
#        C:\Users\Rasmus\examensarbete_sic_program\Examensarbete-SiC-Program\sic\EWARM\SiCMiC\Obj\i2c.o
#        C:\Users\Rasmus\examensarbete_sic_program\Examensarbete-SiC-Program\sic\EWARM\SiCMiC\Obj\interface_flags.o
#        C:\Users\Rasmus\examensarbete_sic_program\Examensarbete-SiC-Program\sic\EWARM\SiCMiC\Obj\iwdg.o
#        C:\Users\Rasmus\examensarbete_sic_program\Examensarbete-SiC-Program\sic\EWARM\SiCMiC\Obj\main.o
#        C:\Users\Rasmus\examensarbete_sic_program\Examensarbete-SiC-Program\sic\EWARM\SiCMiC\Obj\msp_crc.o
#        C:\Users\Rasmus\examensarbete_sic_program\Examensarbete-SiC-Program\sic\EWARM\SiCMiC\Obj\msp_endian.o
#        C:\Users\Rasmus\examensarbete_sic_program\Examensarbete-SiC-Program\sic\EWARM\SiCMiC\Obj\msp_exp_callback.o
#        C:\Users\Rasmus\examensarbete_sic_program\Examensarbete-SiC-Program\sic\EWARM\SiCMiC\Obj\msp_exp_frame.o
#        C:\Users\Rasmus\examensarbete_sic_program\Examensarbete-SiC-Program\sic\EWARM\SiCMiC\Obj\msp_exp_state.o
#        C:\Users\Rasmus\examensarbete_sic_program\Examensarbete-SiC-Program\sic\EWARM\SiCMiC\Obj\msp_handlers.o
#        C:\Users\Rasmus\examensarbete_sic_program\Examensarbete-SiC-Program\sic\EWARM\SiCMiC\Obj\msp_seqflags.o
#        C:\Users\Rasmus\examensarbete_sic_program\Examensarbete-SiC-Program\sic\EWARM\SiCMiC\Obj\Piezo.o
#        C:\Users\Rasmus\examensarbete_sic_program\Examensarbete-SiC-Program\sic\EWARM\SiCMiC\Obj\power_management.o
#        C:\Users\Rasmus\examensarbete_sic_program\Examensarbete-SiC-Program\sic\EWARM\SiCMiC\Obj\start_test.o
#        C:\Users\Rasmus\examensarbete_sic_program\Examensarbete-SiC-Program\sic\EWARM\SiCMiC\Obj\startup_stm32l053xx.o
#        C:\Users\Rasmus\examensarbete_sic_program\Examensarbete-SiC-Program\sic\EWARM\SiCMiC\Obj\stm32l0xx_hal.o
#        C:\Users\Rasmus\examensarbete_sic_program\Examensarbete-SiC-Program\sic\EWARM\SiCMiC\Obj\stm32l0xx_hal_adc.o
#        C:\Users\Rasmus\examensarbete_sic_program\Examensarbete-SiC-Program\sic\EWARM\SiCMiC\Obj\stm32l0xx_hal_adc_ex.o
#        C:\Users\Rasmus\examensarbete_sic_program\Examensarbete-SiC-Program\sic\EWARM\SiCMiC\Obj\stm32l0xx_hal_cortex.o
#        C:\Users\Rasmus\examensarbete_sic_program\Examensarbete-SiC-Program\sic\EWARM\SiCMiC\Obj\stm32l0xx_hal_dac.o
#        C:\Users\Rasmus\examensarbete_sic_program\Examensarbete-SiC-Program\sic\EWARM\SiCMiC\Obj\stm32l0xx_hal_dac_ex.o
#        C:\Users\Rasmus\examensarbete_sic_program\Examensarbete-SiC-Program\sic\EWARM\SiCMiC\Obj\stm32l0xx_hal_dma.o
#        C:\Users\Rasmus\examensarbete_sic_program\Examensarbete-SiC-Program\sic\EWARM\SiCMiC\Obj\stm32l0xx_hal_flash.o
#        C:\Users\Rasmus\examensarbete_sic_program\Examensarbete-SiC-Program\sic\EWARM\SiCMiC\Obj\stm32l0xx_hal_flash_ex.o
#        C:\Users\Rasmus\examensarbete_sic_program\Examensarbete-SiC-Program\sic\EWARM\SiCMiC\Obj\stm32l0xx_hal_flash_ramfunc.o
#        C:\Users\Rasmus\examensarbete_sic_program\Examensarbete-SiC-Program\sic\EWARM\SiCMiC\Obj\stm32l0xx_hal_gpio.o
#        C:\Users\Rasmus\examensarbete_sic_program\Examensarbete-SiC-Program\sic\EWARM\SiCMiC\Obj\stm32l0xx_hal_i2c.o
#        C:\Users\Rasmus\examensarbete_sic_program\Examensarbete-SiC-Program\sic\EWARM\SiCMiC\Obj\stm32l0xx_hal_i2c_ex.o
#        C:\Users\Rasmus\examensarbete_sic_program\Examensarbete-SiC-Program\sic\EWARM\SiCMiC\Obj\stm32l0xx_hal_iwdg.o
#        C:\Users\Rasmus\examensarbete_sic_program\Examensarbete-SiC-Program\sic\EWARM\SiCMiC\Obj\stm32l0xx_hal_msp.o
#        C:\Users\Rasmus\examensarbete_sic_program\Examensarbete-SiC-Program\sic\EWARM\SiCMiC\Obj\stm32l0xx_hal_pwr.o
#        C:\Users\Rasmus\examensarbete_sic_program\Examensarbete-SiC-Program\sic\EWARM\SiCMiC\Obj\stm32l0xx_hal_pwr_ex.o
#        C:\Users\Rasmus\examensarbete_sic_program\Examensarbete-SiC-Program\sic\EWARM\SiCMiC\Obj\stm32l0xx_hal_rcc.o
#        C:\Users\Rasmus\examensarbete_sic_program\Examensarbete-SiC-Program\sic\EWARM\SiCMiC\Obj\stm32l0xx_hal_rcc_ex.o
#        C:\Users\Rasmus\examensarbete_sic_program\Examensarbete-SiC-Program\sic\EWARM\SiCMiC\Obj\stm32l0xx_hal_tim.o
#        C:\Users\Rasmus\examensarbete_sic_program\Examensarbete-SiC-Program\sic\EWARM\SiCMiC\Obj\stm32l0xx_hal_tim_ex.o
#        C:\Users\Rasmus\examensarbete_sic_program\Examensarbete-SiC-Program\sic\EWARM\SiCMiC\Obj\stm32l0xx_hal_uart.o
#        C:\Users\Rasmus\examensarbete_sic_program\Examensarbete-SiC-Program\sic\EWARM\SiCMiC\Obj\stm32l0xx_hal_uart_ex.o
#        C:\Users\Rasmus\examensarbete_sic_program\Examensarbete-SiC-Program\sic\EWARM\SiCMiC\Obj\stm32l0xx_it.o
#        C:\Users\Rasmus\examensarbete_sic_program\Examensarbete-SiC-Program\sic\EWARM\SiCMiC\Obj\system_stm32l0xx.o
#        C:\Users\Rasmus\examensarbete_sic_program\Examensarbete-SiC-Program\sic\EWARM\SiCMiC\Obj\tools.o
#        C:\Users\Rasmus\examensarbete_sic_program\Examensarbete-SiC-Program\sic\EWARM\SiCMiC\Obj\usart.o
#        -o
#        C:\Users\Rasmus\examensarbete_sic_program\Examensarbete-SiC-Program\sic\EWARM\SiCMiC\Exe\SiCMiC.out
#        --map
#        C:\Users\Rasmus\examensarbete_sic_program\Examensarbete-SiC-Program\sic\EWARM\SiCMiC\List\SiCMiC.map
#        --config "C:\Program Files (x86)\IAR Systems\Embedded Workbench
#        8.0\arm\config\linker\ST\stm32l053x6.icf" --semihosting --entry
#        __iar_program_start --vfe --text_out locale)
#
###############################################################################

*******************************************************************************
*** RUNTIME MODEL ATTRIBUTES
***

CppFlavor       = *
__SystemLibrary = DLib
__dlib_version  = 6


*******************************************************************************
*** HEAP SELECTION
***

The basic heap was selected because some modules are built with
size limitations (and not runtime checking), and --advanced_heap
was not specified.


*******************************************************************************
*** PLACEMENT SUMMARY
***

"A0":  place at 0x08000000 { ro section .intvec };
"P1":  place in [from 0x08000000 to 0x08007fff] { ro };
define block CSTACK with size = 1K, alignment = 8 { };
define block HEAP with size = 2K, alignment = 8 { };
"P2":  place in [from 0x20000000 to 0x20001fff] {
          rw, block CSTACK, block HEAP };
initialize by copy { rw };

No sections matched the following patterns:

  section .eeprom  in "P3"


  Section            Kind        Address    Size  Object
  -------            ----        -------    ----  ------
"A0":                                       0xc0
  .intvec            ro code  0x08000000    0xc0  startup_stm32l053xx.o [1]
                            - 0x080000c0    0xc0

"P1":                                     0x5090
  .text              ro code  0x080000c0   0xbd8  stm32l0xx_hal_i2c.o [1]
  .text              ro code  0x08000c98    0xf0  i2c.o [1]
  .text              ro code  0x08000d88   0x20c  main.o [1]
  .text              ro code  0x08000f94     0x2  stm32l0xx_hal_i2c.o [1]
  .text              ro code  0x08000f96     0x2  stm32l0xx_hal_i2c.o [1]
  .text              ro code  0x08000f98     0x2  stm32l0xx_hal_i2c.o [1]
  .text              ro code  0x08000f9a     0x2  stm32l0xx_hal_i2c.o [1]
  .text              ro code  0x08000f9c     0x2  stm32l0xx_hal_i2c.o [1]
  .text              ro code  0x08000f9e     0x2  stm32l0xx_hal_i2c.o [1]
  .text              ro code  0x08000fa0     0x2  stm32l0xx_hal_i2c.o [1]
  .text              ro code  0x08000fa2     0xa  xsprout.o [3]
  .text              ro code  0x08000fac    0x58  stm32l0xx_hal_dma.o [1]
  .text              ro code  0x08001004     0x2  stm32l0xx_hal_i2c.o [1]
  .text              ro code  0x08001006     0x2  stm32l0xx_hal_i2c.o [1]
  .text              ro code  0x08001008    0xcc  stm32l0xx_hal_i2c_ex.o [1]
  .text              ro code  0x080010d4    0x34  ABImemset.o [4]
  .text              ro code  0x08001108   0x1f0  stm32l0xx_hal_gpio.o [1]
  .text              ro code  0x080012f8    0xf8  stm32l0xx_hal_cortex.o [1]
  .text              ro code  0x080013f0    0x2c  stm32l0xx_hal.o [1]
  .text              ro code  0x0800141c    0x60  interface_flags.o [1]
  .text              ro code  0x0800147c   0x11c  gpio.o [1]
  .text              ro code  0x08001598   0x220  adc.o [1]
  .text              ro code  0x080017b8    0xa8  dac.o [1]
  .text              ro code  0x08001860    0xc8  usart.o [1]
  .text              ro code  0x08001928   0x5a4  msp_exp_callback.o [1]
  .text              ro code  0x08001ecc    0x36  tools.o [1]
  .text              ro code  0x08001f02     0x2  startup_stm32l053xx.o [1]
  .text              ro code  0x08001f04   0x240  Piezo.o [1]
  .text              ro code  0x08002144    0x20  stm32l0xx_hal.o [1]
  .text              ro code  0x08002164    0xfc  power_management.o [1]
  .text              ro code  0x08002260    0x28  printf.o [3]
  .text              ro code  0x08002288   0x8a0  stm32l0xx_hal_rcc.o [1]
  .text              ro code  0x08002b28   0x228  stm32l0xx_hal_rcc_ex.o [1]
  .text              ro code  0x08002d50    0x34  stm32l0xx_hal.o [1]
  .text              ro code  0x08002d84    0x38  stm32l0xx_hal_msp.o [1]
  .text              ro code  0x08002dbc   0x1e8  eeprom_circular.o [1]
  .text              ro code  0x08002fa4    0x48  msp_exp_state.o [1]
  .text              ro code  0x08002fec   0x234  msp_seqflags.o [1]
  .text              ro code  0x08003220    0x5c  ABImemcpy.o [4]
  .text              ro code  0x0800327c   0x648  stm32l0xx_hal_adc.o [1]
  .text              ro code  0x080038c4    0x7c  stm32l0xx_hal_dac.o [1]
  .text              ro code  0x08003940    0x9c  stm32l0xx_hal_uart_ex.o [1]
  .text              ro code  0x080039dc    0xae  msp_exp_frame.o [1]
  .text              ro code  0x08003a8a    0x2e  msp_endian.o [1]
  .text              ro code  0x08003ab8   0x10c  msp_handlers.o [1]
  .text              ro code  0x08003bc4   0x770  stm32l0xx_hal_uart.o [1]
  .text              ro code  0x08004334    0x40  sprintf.o [3]
  .text              ro code  0x08004374     0xc  stm32l0xx_hal.o [1]
  .text              ro code  0x08004380   0x186  xprintftiny.o [3]
  .text              ro code  0x08004506    0xae  I32DivModFast.o [4]
  .text              ro code  0x080045b4    0xb8  stm32l0xx_hal_flash_ex.o [1]
  .text              ro code  0x0800466c    0x80  msp_crc.o [1]
  .text              ro code  0x080046ec   0x38c  start_test.o [1]
  .text              ro code  0x08004a78    0x32  I64Mul.o [4]
  .text              ro code  0x08004aaa    0x6a  I64DivMod.o [4]
  .text              ro code  0x08004b14    0x10  strlen.o [4]
  .text              ro code  0x08004b24     0x2  IntDivZer.o [4]
  .text              ro code  0x08004b26     0x2  startup_stm32l053xx.o [1]
  .text              ro code  0x08004b28   0x154  stm32l0xx_hal_flash.o [1]
  .text              ro code  0x08004c7c    0xc8  stm32l0xx_hal_adc_ex.o [1]
  .text              ro code  0x08004d44    0x72  stm32l0xx_hal_dac_ex.o [1]
  .text              ro code  0x08004db6     0x2  startup_stm32l053xx.o [1]
  .text              ro code  0x08004db8     0x2  I64DivZer.o [4]
  .text              ro code  0x08004dba     0x2  startup_stm32l053xx.o [1]
  .text              ro code  0x08004dbc    0x80  system_stm32l0xx.o [1]
  .text              ro code  0x08004e3c    0x7c  iarttio.o [5]
  .text              ro code  0x08004eb8     0x8  XShttio.o [3]
  .text              ro code  0x08004ec0    0x3c  zero_init3.o [4]
  .text              ro code  0x08004efc    0x30  stm32l0xx_it.o [1]
  .text              ro code  0x08004f2c    0x10  stm32l0xx_hal.o [1]
  .text              ro code  0x08004f3c    0x30  copy_init3.o [4]
  .text              ro code  0x08004f6c    0x28  data_init.o [4]
  .text              ro code  0x08004f94    0x22  iarwrite.o [5]
  .iar.init_table    const    0x08004fb8    0x24  - Linker created -
  .text              ro code  0x08004fdc    0x20  iarwstd.o [5]
  .text              ro code  0x08004ffc     0x2  startup_stm32l053xx.o [1]
  .text              ro code  0x08005000    0x1e  cmain.o [4]
  .text              ro code  0x0800501e     0x4  low_level_init.o [3]
  .text              ro code  0x08005022     0x8  exit.o [3]
  .text              ro code  0x0800502a     0x2  startup_stm32l053xx.o [1]
  .text              ro code  0x0800502c     0xa  cexit.o [4]
  .text              ro code  0x08005036     0x2  startup_stm32l053xx.o [1]
  .text              ro code  0x08005038    0x14  exit.o [5]
  .text              ro code  0x0800504c    0x1e  putchar.o [3]
  .text              ro code  0x0800506a    0x10  write.o [5]
  .text              ro code  0x0800507a    0x1e  dwrite.o [5]
  Initializer bytes  const    0x08005098    0x1c  <for P2-1>
  .text              ro code  0x080050b4    0x16  xprout.o [3]
  .text              ro code  0x080050ca     0x2  startup_stm32l053xx.o [1]
  .rodata            const    0x080050cc    0x10  system_stm32l0xx.o [1]
  .text              ro code  0x080050dc    0x10  startup_stm32l053xx.o [1]
  .rodata            const    0x080050ec     0xc  system_stm32l0xx.o [1]
  .text              ro code  0x080050f8     0xc  cstartup_M.o [4]
  .rodata            const    0x08005104     0x8  adc.o [1]
  .rodata            const    0x0800510c     0x8  dac.o [1]
  .rodata            const    0x08005114     0x8  Piezo.o [1]
  .rodata            const    0x0800511c     0x8  system_stm32l0xx.o [1]
  .text              ro code  0x08005124     0x2  startup_stm32l053xx.o [1]
  .text              ro code  0x08005126     0x2  startup_stm32l053xx.o [1]
  .text              ro code  0x08005128     0x2  startup_stm32l053xx.o [1]
  .text              ro code  0x0800512a     0x2  startup_stm32l053xx.o [1]
  .text              ro code  0x0800512c     0x2  startup_stm32l053xx.o [1]
  .text              ro code  0x0800512e     0x2  startup_stm32l053xx.o [1]
  .text              ro code  0x08005130     0x2  startup_stm32l053xx.o [1]
  .text              ro code  0x08005132     0x2  startup_stm32l053xx.o [1]
  .text              ro code  0x08005134     0x2  startup_stm32l053xx.o [1]
  .text              ro code  0x08005136     0x2  startup_stm32l053xx.o [1]
  .text              ro code  0x08005138     0x2  startup_stm32l053xx.o [1]
  .text              ro code  0x0800513a     0x2  startup_stm32l053xx.o [1]
  .text              ro code  0x0800513c     0x2  startup_stm32l053xx.o [1]
  .text              ro code  0x0800513e     0x2  startup_stm32l053xx.o [1]
  .text              ro code  0x08005140     0x2  startup_stm32l053xx.o [1]
  .text              ro code  0x08005142     0x2  startup_stm32l053xx.o [1]
  .text              ro code  0x08005144     0x2  startup_stm32l053xx.o [1]
  .text              ro code  0x08005146     0x2  startup_stm32l053xx.o [1]
  .text              ro code  0x08005148     0x2  startup_stm32l053xx.o [1]
  .text              ro code  0x0800514a     0x2  startup_stm32l053xx.o [1]
  .text              ro code  0x0800514c     0x2  startup_stm32l053xx.o [1]
  .text              ro code  0x0800514e     0x2  startup_stm32l053xx.o [1]
  .rodata            const    0x08005150     0x0  zero_init3.o [4]
  .rodata            const    0x08005150     0x0  copy_init3.o [4]
                            - 0x08005150  0x5090

"P2", part 1 of 3:                          0x1c
  P2-1                        0x20000000    0x1b  <Init block>
    .data            inited   0x20000000     0x4  Piezo.o [1]
    .data            inited   0x20000004     0x4  Piezo.o [1]
    .data            inited   0x20000008     0x4  Piezo.o [1]
    .data            inited   0x2000000c     0x4  system_stm32l0xx.o [1]
    .data            inited   0x20000010     0x8  XShttio.o [3]
    .data            inited   0x20000018     0x1  main.o [1]
    .data            inited   0x20000019     0x1  main.o [1]
    .data            inited   0x2000001a     0x1  main.o [1]
                            - 0x2000001b    0x1b

"P2", part 2 of 3:                         0xccc
  .bss               zero     0x2000001c   0x400  msp_crc.o [1]
  .bss               zero     0x2000041c   0x320  Piezo.o [1]
  .bss               zero     0x2000073c   0x200  main.o [1]
  .bss               zero     0x2000093c    0xc8  Piezo.o [1]
  .bss               zero     0x20000a04    0xc8  Piezo.o [1]
  .bss               zero     0x20000acc    0x80  usart.o [1]
  .bss               zero     0x20000b4c    0x5c  adc.o [1]
  .bss               zero     0x20000ba8    0x4c  i2c.o [1]
  .bss               zero     0x20000bf4    0x40  start_test.o [1]
  .bss               zero     0x20000c34    0x40  start_test.o [1]
  .bss               zero     0x20000c74    0x24  msp_exp_state.o [1]
  .bss               zero     0x20000c98    0x18  stm32l0xx_hal_flash.o [1]
  .bss               zero     0x20000cb0    0x10  dac.o [1]
  .bss               zero     0x20000cc0     0x8  Piezo.o [1]
  .bss               zero     0x20000cc8     0x4  main.o [1]
  .bss               zero     0x20000ccc     0x4  main.o [1]
  .bss               zero     0x20000cd0     0x4  msp_handlers.o [1]
  .bss               zero     0x20000cd4     0x4  Piezo.o [1]
  .bss               zero     0x20000cd8     0x4  stm32l0xx_hal.o [1]
  .bss               zero     0x20000cdc     0x2  main.o [1]
  .bss               zero     0x20000cde     0x1  main.o [1]
  .bss               zero     0x20000cdf     0x1  main.o [1]
  .bss               zero     0x20000ce0     0x1  main.o [1]
  .bss               zero     0x20000ce1     0x1  main.o [1]
  .bss               zero     0x20000ce2     0x1  main.o [1]
  .bss               zero     0x20000ce3     0x1  main.o [1]
  .bss               zero     0x20000ce4     0x1  msp_crc.o [1]
  .bss               zero     0x20000ce5     0x1  Piezo.o [1]
  .bss               zero     0x20000ce6     0x1  power_management.o [1]
  .bss               zero     0x20000ce7     0x1  power_management.o [1]
                            - 0x20000ce8   0xccc

"P2", part 3 of 3:                         0x400
  CSTACK                      0x20000ce8   0x400  <Block>
    CSTACK           uninit   0x20000ce8   0x400  <Block tail>
                            - 0x200010e8   0x400


*******************************************************************************
*** INIT TABLE
***

          Address     Size
          -------     ----
Zero (__iar_zero_init3)
    1 destination range, total size 0xccc:
          0x2000001c  0xccc

Copy (__iar_copy_init3)
    1 source range, total size 0x1c (103% of destination):
          0x08005098   0x1c
    1 destination range, total size 0x1b:
          0x20000000   0x1b



*******************************************************************************
*** MODULE SUMMARY
***

    Module                    ro code  ro data  rw data
    ------                    -------  -------  -------
C:\Users\Rasmus\examensarbete_sic_program\Examensarbete-SiC-Program\sic\EWARM\SiCMiC\Obj: [1]
    Piezo.o                       576       20    1 225
    adc.o                         544        8       92
    dac.o                         168        8       16
    eeprom_circular.o             488
    gpio.o                        284
    i2c.o                         240                76
    interface_flags.o              96
    main.o                        524        3      531
    msp_crc.o                     128             1 025
    msp_endian.o                   46
    msp_exp_callback.o          1 444
    msp_exp_frame.o               174
    msp_exp_state.o                72                36
    msp_handlers.o                268                 4
    msp_seqflags.o                564
    power_management.o            252                 2
    start_test.o                  908               128
    startup_stm32l053xx.o         268
    stm32l0xx_hal.o               156                 4
    stm32l0xx_hal_adc.o         1 608
    stm32l0xx_hal_adc_ex.o        200
    stm32l0xx_hal_cortex.o        248
    stm32l0xx_hal_dac.o           124
    stm32l0xx_hal_dac_ex.o        114
    stm32l0xx_hal_dma.o            88
    stm32l0xx_hal_flash.o         340                24
    stm32l0xx_hal_flash_ex.o      184
    stm32l0xx_hal_gpio.o          496
    stm32l0xx_hal_i2c.o         3 050
    stm32l0xx_hal_i2c_ex.o        204
    stm32l0xx_hal_msp.o            56
    stm32l0xx_hal_rcc.o         2 208
    stm32l0xx_hal_rcc_ex.o        552
    stm32l0xx_hal_uart.o        1 904
    stm32l0xx_hal_uart_ex.o       156
    stm32l0xx_it.o                 48
    system_stm32l0xx.o            128       40        4
    tools.o                        54
    usart.o                       200               128
    ---------------------------------------------------
    Total:                     19 162       79    3 295

command line: [2]
    ---------------------------------------------------
    Total:

dl6M_tln.a: [3]
    XShttio.o                       8        8        8
    exit.o                          8
    low_level_init.o                4
    printf.o                       40
    putchar.o                      30
    sprintf.o                      64
    xprintftiny.o                 390
    xprout.o                       22
    xsprout.o                      10
    ---------------------------------------------------
    Total:                        576        8        8

rt6M_tl.a: [4]
    ABImemcpy.o                    92
    ABImemset.o                    52
    I32DivModFast.o               174
    I64DivMod.o                   106
    I64DivZer.o                     2
    I64Mul.o                       50
    IntDivZer.o                     2
    cexit.o                        10
    cmain.o                        30
    copy_init3.o                   48
    cstartup_M.o                   12
    data_init.o                    40
    strlen.o                       16
    zero_init3.o                   60
    ---------------------------------------------------
    Total:                        694

shb_l.a: [5]
    dwrite.o                       30
    exit.o                         20
    iarttio.o                     124
    iarwrite.o                     34
    iarwstd.o                      32
    write.o                        16
    ---------------------------------------------------
    Total:                        256

    Gaps                            2        2
    Linker created                          37    1 024
-------------------------------------------------------
    Grand Total:               20 690      126    4 327


*******************************************************************************
*** ENTRY LIST
***

Entry                      Address   Size  Type      Object
-----                      -------   ----  ----      ------
.iar.init_table$$Base   0x08004fb8          --   Gb  - Linker created -
.iar.init_table$$Limit  0x08004fdc          --   Gb  - Linker created -
?main                   0x08005001         Code  Gb  cmain.o [4]
ADC_ConversionStop      0x0800382f   0x5a  Code  Lc  stm32l0xx_hal_adc.o [1]
ADC_DelayMicroSecond    0x08003891   0x22  Code  Lc  stm32l0xx_hal_adc.o [1]
ADC_Disable             0x080037a9   0x86  Code  Lc  stm32l0xx_hal_adc.o [1]
ADC_Enable              0x08003717   0x86  Code  Lc  stm32l0xx_hal_adc.o [1]
AHBPrescTable           0x080050cc   0x10  Data  Gb  system_stm32l0xx.o [1]
APBPrescTable           0x0800511c    0x8  Data  Gb  system_stm32l0xx.o [1]
CSTACK$$Base            0x20000ce8          --   Gb  - Linker created -
CSTACK$$Limit           0x200010e8          --   Gb  - Linker created -
EEPROM_read_buffer      0x08002e15   0xac  Code  Gb  eeprom_circular.o [1]
EEPROM_write_buffer     0x08002ec1   0xb6  Code  Gb  eeprom_circular.o [1]
Error_Handler           0x08000f91    0x4  Code  Gb  main.o [1]
FLASH_SetErrorCode      0x08004ba9   0xcc  Code  Lc  stm32l0xx_hal_flash.o [1]
FLASH_WaitForLastOperation
                        0x08004b29   0x7e  Code  Gb  stm32l0xx_hal_flash.o [1]
Flush_Buffer8           0x08001ecd   0x16  Code  Gb  tools.o [1]
HAL_ADCEx_Calibration_Start
                        0x08004c7d   0xc4  Code  Gb  stm32l0xx_hal_adc_ex.o [1]
HAL_ADC_ConfigChannel   0x08003637   0xde  Code  Gb  stm32l0xx_hal_adc.o [1]
HAL_ADC_GetValue        0x08003631    0x6  Code  Gb  stm32l0xx_hal_adc.o [1]
HAL_ADC_Init            0x0800327d  0x214  Code  Gb  stm32l0xx_hal_adc.o [1]
HAL_ADC_MspInit         0x080016ed   0x84  Code  Gb  adc.o [1]
HAL_ADC_PollForConversion
                        0x08003551   0xd2  Code  Gb  stm32l0xx_hal_adc.o [1]
HAL_ADC_Start           0x08003491   0x64  Code  Gb  stm32l0xx_hal_adc.o [1]
HAL_ADC_Stop            0x080034f9   0x46  Code  Gb  stm32l0xx_hal_adc.o [1]
HAL_DAC_ConfigChannel   0x080038f1   0x4a  Code  Gb  stm32l0xx_hal_dac.o [1]
HAL_DAC_Init            0x080038c5   0x2c  Code  Gb  stm32l0xx_hal_dac.o [1]
HAL_DAC_MspInit         0x080017f5   0x58  Code  Gb  dac.o [1]
HAL_DAC_SetValue        0x08004d9b   0x1c  Code  Gb  stm32l0xx_hal_dac_ex.o [1]
HAL_DAC_Start           0x08004d45   0x56  Code  Gb  stm32l0xx_hal_dac_ex.o [1]
HAL_DMA_Abort_IT        0x08000fad   0x58  Code  Gb  stm32l0xx_hal_dma.o [1]
HAL_Delay               0x08002145   0x20  Code  Wk  stm32l0xx_hal.o [1]
HAL_FLASHEx_DATAEEPROM_Lock
                        0x080045e5   0x10  Code  Gb  stm32l0xx_hal_flash_ex.o [1]
HAL_FLASHEx_DATAEEPROM_Program
                        0x080045f9   0x5e  Code  Gb  stm32l0xx_hal_flash_ex.o [1]
HAL_FLASHEx_DATAEEPROM_Unlock
                        0x080045b5   0x30  Code  Gb  stm32l0xx_hal_flash_ex.o [1]
HAL_GPIO_Init           0x08001109  0x1b4  Code  Gb  stm32l0xx_hal_gpio.o [1]
HAL_GPIO_WritePin       0x080012d5   0x14  Code  Gb  stm32l0xx_hal_gpio.o [1]
HAL_GetTick             0x08004375    0xc  Code  Wk  stm32l0xx_hal.o [1]
HAL_I2CEx_ConfigAnalogFilter
                        0x08001009   0x64  Code  Gb  stm32l0xx_hal_i2c_ex.o [1]
HAL_I2CEx_ConfigDigitalFilter
                        0x0800106d   0x5e  Code  Gb  stm32l0xx_hal_i2c_ex.o [1]
HAL_I2C_AddrCallback    0x08000e97    0xa  Code  Gb  main.o [1]
HAL_I2C_ER_IRQHandler   0x0800021b   0x62  Code  Gb  stm32l0xx_hal_i2c.o [1]
HAL_I2C_EV_IRQHandler   0x08000205   0x16  Code  Gb  stm32l0xx_hal_i2c.o [1]
HAL_I2C_GetState        0x0800027d    0x6  Code  Gb  stm32l0xx_hal_i2c.o [1]
HAL_I2C_Init            0x080000c1   0xcc  Code  Gb  stm32l0xx_hal_i2c.o [1]
HAL_I2C_MspInit         0x08000d03   0x6c  Code  Gb  i2c.o [1]
HAL_I2C_Slave_TxRx_IT   0x08000199   0x5c  Code  Gb  stm32l0xx_hal_i2c.o [1]
HAL_IncTick             0x08004f2d   0x10  Code  Wk  stm32l0xx_hal.o [1]
HAL_Init                0x080013f1   0x28  Code  Gb  stm32l0xx_hal.o [1]
HAL_InitTick            0x08002d51   0x34  Code  Wk  stm32l0xx_hal.o [1]
HAL_MspInit             0x08002d85   0x38  Code  Gb  stm32l0xx_hal_msp.o [1]
HAL_NVIC_EnableIRQ      0x080013c5    0xa  Code  Gb  stm32l0xx_hal_cortex.o [1]
HAL_NVIC_SetPriority    0x080013bb    0xa  Code  Gb  stm32l0xx_hal_cortex.o [1]
HAL_RCCEx_PeriphCLKConfig
                        0x08002b29  0x1f0  Code  Gb  stm32l0xx_hal_rcc_ex.o [1]
HAL_RCC_ClockConfig     0x08002865  0x1ba  Code  Gb  stm32l0xx_hal_rcc.o [1]
HAL_RCC_GetHCLKFreq     0x08002ab9    0x6  Code  Gb  stm32l0xx_hal_rcc.o [1]
HAL_RCC_GetPCLK1Freq    0x08002abf   0x18  Code  Gb  stm32l0xx_hal_rcc.o [1]
HAL_RCC_GetPCLK2Freq    0x08002add   0x18  Code  Gb  stm32l0xx_hal_rcc.o [1]
HAL_RCC_GetSysClockFreq
                        0x08002a35   0x84  Code  Gb  stm32l0xx_hal_rcc.o [1]
HAL_RCC_OscConfig       0x08002289  0x5b2  Code  Gb  stm32l0xx_hal_rcc.o [1]
HAL_RS485Ex_Init        0x08003941   0x92  Code  Gb  stm32l0xx_hal_uart_ex.o [1]
HAL_SYSTICK_Config      0x080013cf    0x8  Code  Gb  stm32l0xx_hal_cortex.o [1]
HAL_UART_MspInit        0x080018b7   0x62  Code  Gb  usart.o [1]
HAL_UART_Receive        0x08003cad  0x13c  Code  Gb  stm32l0xx_hal_uart.o [1]
HAL_UART_Transmit       0x08003bc5   0xe8  Code  Gb  stm32l0xx_hal_uart.o [1]
I2C1_IRQHandler         0x08004f05   0x22  Code  Gb  stm32l0xx_it.o [1]
I2C_DMAAbort            0x08000b1d   0x2a  Code  Lc  stm32l0xx_hal_i2c.o [1]
I2C_Disable_IRQ         0x08000c11   0x88  Code  Lc  stm32l0xx_hal_i2c.o [1]
I2C_Enable_IRQ          0x08000b71   0x92  Code  Lc  stm32l0xx_hal_i2c.o [1]
I2C_Flush_TXDR          0x08000ae3   0x26  Code  Lc  stm32l0xx_hal_i2c.o [1]
I2C_ITAddrCplt          0x080005d9   0xf6  Code  Lc  stm32l0xx_hal_i2c.o [1]
I2C_ITError             0x080009e1  0x102  Code  Lc  stm32l0xx_hal_i2c.o [1]
I2C_ITListenCplt        0x08000971   0x68  Code  Lc  stm32l0xx_hal_i2c.o [1]
I2C_ITMasterCplt        0x08000783   0xd6  Code  Lc  stm32l0xx_hal_i2c.o [1]
I2C_ITMasterSeqCplt     0x080006cf   0x5a  Code  Lc  stm32l0xx_hal_i2c.o [1]
I2C_ITSlaveCplt         0x08000859  0x118  Code  Lc  stm32l0xx_hal_i2c.o [1]
I2C_ITSlaveSeqCplt      0x08000729   0x5a  Code  Lc  stm32l0xx_hal_i2c.o [1]
I2C_Master_ISR_DMA      0x080003ad  0x134  Code  Lc  stm32l0xx_hal_i2c.o [1]
I2C_Slave_ISR_DMA       0x080004e1   0xf2  Code  Lc  stm32l0xx_hal_i2c.o [1]
I2C_Slave_ISR_IT        0x08000283  0x124  Code  Lc  stm32l0xx_hal_i2c.o [1]
I2C_TransferConfig      0x08000b47   0x2a  Code  Lc  stm32l0xx_hal_i2c.o [1]
MX_ADC_Init             0x08001599  0x154  Code  Gb  adc.o [1]
MX_DAC_Init             0x080017b9   0x3c  Code  Gb  dac.o [1]
MX_GPIO_Init            0x0800147d  0x11c  Code  Gb  gpio.o [1]
MX_I2C1_Init            0x08000c99   0x6a  Code  Gb  i2c.o [1]
MX_USART1_UART_Init     0x08001861   0x56  Code  Gb  usart.o [1]
NUMBER_OF_READ_ATTEMTS  0x20000000    0x4  Data  Gb  Piezo.o [1]
NVIC_EnableIRQ          0x080012f9    0xe  Code  Lc  stm32l0xx_hal_cortex.o [1]
NVIC_SetPriority        0x08001307   0x84  Code  Lc  stm32l0xx_hal_cortex.o [1]
PLLMulTable             0x080050ec    0xc  Data  Gb  system_stm32l0xx.o [1]
Region$$Table$$Base     0x08004fb8          --   Gb  - Linker created -
Region$$Table$$Limit    0x08004fdc          --   Gb  - Linker created -
SysTick_Config          0x0800138b   0x30  Code  Lc  stm32l0xx_hal_cortex.o [1]
SysTick_Handler         0x08004efd    0x8  Code  Gb  stm32l0xx_it.o [1]
SystemClock_Config      0x08000ea1   0xa2  Code  Gb  main.o [1]
SystemCoreClock         0x2000000c    0x4  Data  Gb  system_stm32l0xx.o [1]
SystemInit              0x08004dbd   0x5a  Code  Gb  system_stm32l0xx.o [1]
UART_AdvFeatureConfig   0x0800414d   0xde  Code  Gb  stm32l0xx_hal_uart.o [1]
UART_CheckIdleState     0x08004231   0x64  Code  Gb  stm32l0xx_hal_uart.o [1]
UART_SetConfig          0x08003ded  0x34e  Code  Gb  stm32l0xx_hal_uart.o [1]
UART_WaitOnFlagUntilTimeout
                        0x0800429d   0x66  Code  Gb  stm32l0xx_hal_uart.o [1]
_PrintfTiny             0x0800439b  0x16c  Code  Gb  xprintftiny.o [3]
_Prout                  0x080050b5   0x16  Code  Gb  xprout.o [3]
_SProut                 0x08000fa3    0xa  Code  Gb  xsprout.o [3]
__aeabi_idiv0           0x08004b25         Code  Gb  IntDivZer.o [4]
__aeabi_ldiv0           0x08004db9         Code  Gb  I64DivZer.o [4]
__aeabi_lmul            0x08004a79         Code  Gb  I64Mul.o [4]
__aeabi_memclr4         0x08001105         Code  Gb  ABImemset.o [4]
__aeabi_memclr8         0x08001105         Code  Gb  ABImemset.o [4]
__aeabi_memcpy          0x08003221         Code  Gb  ABImemcpy.o [4]
__aeabi_uidiv           0x08004507         Code  Gb  I32DivModFast.o [4]
__aeabi_uidivmod        0x08004507         Code  Gb  I32DivModFast.o [4]
__aeabi_uldivmod        0x08004aab         Code  Gb  I64DivMod.o [4]
__cmain                 0x08005001         Code  Gb  cmain.o [4]
__dwrite                0x0800507b   0x1e  Code  Gb  dwrite.o [5]
__exit                  0x08005039   0x14  Code  Gb  exit.o [5]
__iar_Memset4_word      0x080010d5         Code  Gb  ABImemset.o [4]
__iar_close_ttio        0x08004e3d   0x2c  Code  Gb  iarttio.o [5]
__iar_copy_init3        0x08004f3d   0x30  Code  Gb  copy_init3.o [4]
__iar_data_init3        0x08004f6d   0x28  Code  Gb  data_init.o [4]
__iar_get_ttio          0x08004e69   0x4c  Code  Gb  iarttio.o [5]
__iar_lookup_ttioh      0x08004eb9    0x8  Code  Gb  XShttio.o [3]
__iar_program_start     0x080050f9         Code  Gb  cstartup_M.o [4]
__iar_sh_stdout         0x08004fdd   0x20  Code  Gb  iarwstd.o [5]
__iar_sh_write          0x08004f95   0x22  Code  Gb  iarwrite.o [5]
__iar_systems$$module {Abs}
                        0x00000001         Data  Gb  command line/config [2]
__iar_ttio_handles      0x20000010    0x8  Data  Lc  XShttio.o [3]
__iar_zero_init3        0x08004ec1   0x3c  Code  Gb  zero_init3.o [4]
__low_level_init        0x0800501f    0x4  Code  Gb  low_level_init.o [3]
__vector_table          0x08000000         Data  Gb  startup_stm32l053xx.o [1]
__write                 0x0800506b   0x10  Code  Gb  write.o [5]
_call_main              0x0800500d         Code  Gb  cmain.o [4]
_exit                   0x0800502d         Code  Gb  cexit.o [4]
_main                   0x0800501b         Code  Gb  cmain.o [4]
aBuffer                 0x2000073c  0x200  Data  Gb  main.o [1]
addr                    0x20000018    0x1  Data  Gb  main.o [1]
addr_debug              0x20000cdc    0x2  Data  Gb  main.o [1]
ascii_to_int            0x080020b3   0x30  Code  Gb  Piezo.o [1]
buffLength              0x20000cc8    0x4  Data  Gb  main.o [1]
buff_length             0x08001ee3   0x20  Code  Gb  tools.o [1]
buffer                  0x20000c34   0x40  Data  Gb  start_test.o [1]
checksum                0x08002dbd   0x30  Code  Gb  eeprom_circular.o [1]
clear_piezo_buffer      0x08001f05   0x20  Code  Gb  Piezo.o [1]
clear_sic_buffer        0x080046ed    0xc  Code  Gb  start_test.o [1]
command_ptr             0x20000ccc    0x4  Data  Gb  main.o [1]
convert_8bit            0x0800476f  0x112  Code  Gb  start_test.o [1]
convert_to_8bit         0x080020e3   0x2a  Code  Gb  Piezo.o [1]
current_state           0x20000ce2    0x1  Data  Gb  main.o [1]
dataLength              0x20000cd4    0x4  Data  Gb  Piezo.o [1]
ensure_ready_state      0x08001e85   0x3e  Code  Lc  msp_exp_callback.o [1]
exit                    0x08005023    0x8  Code  Gb  exit.o [3]
experiments             0x20000bf4   0x40  Data  Lc  start_test.o [1]
find_current_EEPROM_address
                        0x08002ded   0x28  Code  Lc  eeprom_circular.o [1]
hadc                    0x20000b4c   0x5c  Data  Gb  adc.o [1]
handle_incoming_control_frame
                        0x08001ad9   0xe2  Code  Lc  msp_exp_callback.o [1]
handle_incoming_data_frame
                        0x08001a35   0x5c  Code  Lc  msp_exp_callback.o [1]
handle_incoming_frame   0x080019dd   0x58  Code  Lc  msp_exp_callback.o [1]
handle_incoming_header_frame
                        0x08001a91   0x48  Code  Lc  msp_exp_callback.o [1]
handle_incoming_request_frame
                        0x08001c07   0x4c  Code  Lc  msp_exp_callback.o [1]
handle_incoming_send_frame
                        0x08001c59   0x50  Code  Lc  msp_exp_callback.o [1]
handle_incoming_system_frame
                        0x08001bbb   0x4c  Code  Lc  msp_exp_callback.o [1]
handle_outgoing_acknowledge_frame
                        0x08001dc9   0xbc  Code  Lc  msp_exp_callback.o [1]
handle_outgoing_data_frame
                        0x08001d41   0x88  Code  Lc  msp_exp_callback.o [1]
handle_outgoing_frame   0x08001cad   0x76  Code  Lc  msp_exp_callback.o [1]
handle_outgoing_response_frame
                        0x08001d23   0x1e  Code  Lc  msp_exp_callback.o [1]
has_function_to_execute
                        0x20000cdf    0x1  Data  Gb  main.o [1]
hdac                    0x20000cb0   0x10  Data  Gb  dac.o [1]
hi2c1                   0x20000ba8   0x4c  Data  Gb  i2c.o [1]
huart1                  0x20000acc   0x80  Data  Gb  usart.o [1]
i                       0x20000cd0    0x4  Data  Gb  msp_handlers.o [1]
is_piezo_running        0x20000ce7    0x1  Data  Gb  power_management.o [1]
is_sic_running          0x20000ce6    0x1  Data  Gb  power_management.o [1]
main                    0x08000d89   0xa4  Code  Gb  main.o [1]
msp_calculate_table_crc32
                        0x08004675   0x36  Code  Lc  msp_crc.o [1]
msp_crc32               0x0800466d    0x8  Code  Gb  msp_crc.o [1]
msp_crc32_lookup        0x080046ab   0x36  Code  Lc  msp_crc.o [1]
msp_error_code_receive  0x20000ce0    0x1  Data  Gb  main.o [1]
msp_error_code_send     0x20000ce1    0x1  Data  Gb  main.o [1]
msp_exp_frame_fcs_valid
                        0x08003a0f   0x34  Code  Gb  msp_exp_frame.o [1]
msp_exp_frame_format_empty_header
                        0x08003a79   0x12  Code  Gb  msp_exp_frame.o [1]
msp_exp_frame_format_header
                        0x08003a43   0x36  Code  Gb  msp_exp_frame.o [1]
msp_exp_frame_generate_fcs
                        0x080039dd   0x32  Code  Gb  msp_exp_frame.o [1]
msp_exp_state           0x20000c74   0x24  Data  Gb  msp_exp_state.o [1]
msp_exp_state_get_seqflags
                        0x08002fc9   0x1a  Code  Gb  msp_exp_state.o [1]
msp_exp_state_initialize
                        0x08002fa5   0x24  Code  Gb  msp_exp_state.o [1]
msp_exprecv_complete    0x08003b17    0x2  Code  Gb  msp_handlers.o [1]
msp_exprecv_data        0x08003b15    0x2  Code  Gb  msp_handlers.o [1]
msp_exprecv_error       0x08003b19    0x2  Code  Gb  msp_handlers.o [1]
msp_exprecv_start       0x08003b13    0x2  Code  Gb  msp_handlers.o [1]
msp_exprecv_syscommand  0x08003b1b   0x8e  Code  Gb  msp_handlers.o [1]
msp_expsend_complete    0x08003af7   0x1a  Code  Gb  msp_handlers.o [1]
msp_expsend_data        0x08003ad7   0x20  Code  Gb  msp_handlers.o [1]
msp_expsend_error       0x08003b11    0x2  Code  Gb  msp_handlers.o [1]
msp_expsend_start       0x08003ab9   0x1e  Code  Gb  msp_handlers.o [1]
msp_from_bigendian32    0x08003a9d   0x1c  Code  Gb  msp_endian.o [1]
msp_get_flag_pos        0x08003167   0xba  Code  Lc  msp_seqflags.o [1]
msp_have_table_crc32    0x20000ce4    0x1  Data  Lc  msp_crc.o [1]
msp_recv_callback       0x08001929   0x5c  Code  Gb  msp_exp_callback.o [1]
msp_send_callback       0x08001985   0x58  Code  Gb  msp_exp_callback.o [1]
msp_seqflags_get        0x0800302b   0x32  Code  Gb  msp_seqflags.o [1]
msp_seqflags_get_next   0x0800305d   0x48  Code  Gb  msp_seqflags.o [1]
msp_seqflags_init       0x08002fed   0x3e  Code  Gb  msp_seqflags.o [1]
msp_seqflags_is_set     0x080030a5   0x54  Code  Gb  msp_seqflags.o [1]
msp_seqflags_set        0x080030f9   0x6e  Code  Gb  msp_seqflags.o [1]
msp_table_crc32         0x2000001c  0x400  Data  Lc  msp_crc.o [1]
msp_to_bigendian32      0x08003a8b   0x12  Code  Gb  msp_endian.o [1]
out                     0x08004381   0x1a  Code  Lc  xprintftiny.o [3]
pFlash                  0x20000c98   0x18  Data  Gb  stm32l0xx_hal_flash.o [1]
piezoBufferRxInt        0x2000041c  0x320  Data  Gb  Piezo.o [1]
piezoBufferint8         0x20000a04   0xc8  Data  Gb  Piezo.o [1]
piezoData               0x2000093c   0xc8  Data  Gb  Piezo.o [1]
piezo_checksum          0x0800208d   0x26  Code  Gb  Piezo.o [1]
piezo_get_data          0x08001f5f   0x16  Code  Gb  Piezo.o [1]
piezo_get_data_length   0x08001f75    0x6  Code  Gb  Piezo.o [1]
piezo_power_off         0x08002193   0x36  Code  Gb  power_management.o [1]
piezo_power_on          0x08002165   0x2e  Code  Gb  power_management.o [1]
piezo_read_data_records
                        0x08001f7b   0xbe  Code  Gb  Piezo.o [1]
piezo_start_exp         0x08001f25   0x1c  Code  Gb  Piezo.o [1]
piezo_stop_exp          0x08001f41   0x1e  Code  Gb  Piezo.o [1]
printf                  0x08002261   0x28  Code  Gb  printf.o [3]
putchar                 0x0800504d   0x1e  Code  Gb  putchar.o [3]
readRollingADC          0x080048eb  0x15a  Code  Gb  start_test.o [1]
record_was_empty        0x08002039   0x54  Code  Gb  Piezo.o [1]
restore_seqflags        0x0800141d   0x3c  Code  Gb  interface_flags.o [1]
run_10V                 0x2000001a    0x1  Data  Gb  main.o [1]
run_all                 0x20000019    0x1  Data  Gb  main.o [1]
run_piezo               0x20000ce3    0x1  Data  Gb  main.o [1]
saveDataPointer         0x20000ce5    0x1  Data  Gb  Piezo.o [1]
save_seqflags           0x08001459   0x24  Code  Gb  interface_flags.o [1]
setDAC                  0x08004a45   0x18  Code  Gb  start_test.o [1]
shiftAverages           0x08004881   0x6a  Code  Gb  start_test.o [1]
sic_get_data            0x080046f9   0x14  Code  Gb  start_test.o [1]
sic_power_off           0x080021eb   0x2a  Code  Gb  power_management.o [1]
sic_power_on            0x080021c9   0x22  Code  Gb  power_management.o [1]
sprintf                 0x08004335   0x40  Code  Gb  sprintf.o [3]
start_driver            0x08000e2d   0x6a  Code  Gb  main.o [1]
start_test              0x0800470d   0x62  Code  Gb  start_test.o [1]
strlen                  0x08004b15   0x10  Code  Gb  strlen.o [4]
transferDirectionGlobal
                        0x20000cde    0x1  Data  Gb  main.o [1]
turn_off_10v            0x08002235   0x10  Code  Gb  power_management.o [1]
turn_off_48v            0x08002215   0x10  Code  Gb  power_management.o [1]
turn_off_5v             0x08002225   0x10  Code  Gb  power_management.o [1]
turn_off_vbat           0x08002245   0x10  Code  Gb  power_management.o [1]
uwTick                  0x20000cd8    0x4  Data  Gb  stm32l0xx_hal.o [1]
xm3_buffer              0x20000004    0x4  Data  Gb  Piezo.o [1]
xm4_buffer              0x20000008    0x4  Data  Gb  Piezo.o [1]
xu6_buffer              0x20000cc0    0x8  Data  Gb  Piezo.o [1]


[1] = C:\Users\Rasmus\examensarbete_sic_program\Examensarbete-SiC-Program\sic\EWARM\SiCMiC\Obj
[2] = command line
[3] = dl6M_tln.a
[4] = rt6M_tl.a
[5] = shb_l.a

  20 690 bytes of readonly  code memory
     126 bytes of readonly  data memory
   4 327 bytes of readwrite data memory

Errors: none
Warnings: none
